Fetching ads for Vitakruid...
  1600 ads found.
Inserted 1600 rows into amarenl_analytics.competitor_ads.
Fetching ads for Orthica...
  130 ads found.
Inserted 130 rows into amarenl_analytics.competitor_ads.
Fetching ads for Vitals...
  2757 ads found.
Inserted 2757 rows into amarenl_analytics.competitor_ads.
Fetching ads for Nutriphyt...
  104 ads found.
Inserted 104 rows into amarenl_analytics.competitor_ads.
Fetching ads for Vitakruid...
Fetching ads for Orthica...
  129 ads found.
Inserted 129 rows into amarenl_analytics.competitor_ads.
Fetching ads for Vitals...
  2757 ads found.
Inserted 2757 rows into amarenl_analytics.competitor_ads.
Fetching ads for Nutriphyt...
  104 ads found.
Inserted 104 rows into amarenl_analytics.competitor_ads.
Fetching ads for Vitakruid...
Fetching ads for Orthica...
Fetching ads for Vitals...
  2757 ads found.
Inserted 2757 rows into amarenl_analytics.competitor_ads.
Fetching ads for Nutriphyt...
  104 ads found.
Inserted 104 rows into amarenl_analytics.competitor_ads.
